[31m[ERROR] line 4: Use of undeclared function 'a'[0m
