[31m[ERROR] line -1: Could not find main function[0m
