[31m[ERROR] line 10: Number of arguments for 'a': 2, 1 given[0m
